<?xml version="1.0" encoding="UTF-8"?>
<testsuites name="jest tests" tests="2" failures="0" errors="0" time="0.408">
  <testsuite name="Title" errors="0" failures="0" skipped="0" timestamp="2025-04-08T02:21:15" time="0.192" tests="2">
    <testcase classname="Title renders the title" name="Title renders the title" time="0.011">
    </testcase>
    <testcase classname="Title renders the title with custom class" name="Title renders the title with custom class" time="0.001">
    </testcase>
  </testsuite>
</testsuites>